2021-01-21 12:28:31,186:[INFO]:ServoScreen: Starting ServoScreen application.
2021-01-21 12:34:59,614:[INFO]:__main__: Starting ServoScreen application.
